// Jest Snapshot v1, https://goo.gl/fbAQLP

exports[`App should render a single NavBar component 1`] = `ReactWrapper {}`;

exports[`App should render a single VideoDetail component 1`] = `ReactWrapper {}`;

exports[`App should render a single VideoList component 1`] = `ReactWrapper {}`;
